
> frontend@0.1.0 build
> next build

node.exe : ΓÜá 
Warning: Next.js 
inferred your 
workspace root, but it 
may not be correct.
At C:\Program Files\nod
ejs\npm.ps1:29 char:3
+   & $NODE_EXE 
$NPM_CLI_JS $args
+   ~~~~~~~~~~~~~~~~~~~
~~~~~~~~~~
    + CategoryInfo     
         : NotSpecifi  
  ed: (ΓÜá Warning:    
 Ne...not be correc    
t.:String) [], Rem    
oteException
    + FullyQualifiedEr 
   rorId : NativeComm  
  andError
 
 We detected multiple 
lockfiles and selected 
the directory of 
C:\Users\HP\yarn.lock 
as the root directory.
 To silence this 
warning, set 
`turbopack.root` in 
your Next.js config, 
or consider removing 
one of the lockfiles 
if it's not needed.
   See https://nextjs.o
rg/docs/app/api-referen
ce/config/next-config-j
s/turbopack#root-direct
ory for more 
information.
 Detected additional 
lockfiles: 
   * C:\Users\HP\Deskto
p\CastOptAI\frontend\pa
ckage-lock.json

Γû▓ Next.js 16.1.6 (Turbopack)
- Environments: .env.local

  Creating an optimized production build ...
Error: Cannot apply 
unknown utility class 
`bg-white`. Are you 
using CSS modules or 
similar and missing 
`@reference`? https://t
ailwindcss.com/docs/fun
ctions-and-directives#r
eference-directive
    [2m[at 
onInvalidCandidate (C:\
Users\HP\Desktop\CastOp
tAI\frontend\node_modul
es\tailwindcss\dist\lib
.js:21:1314)][0m
    [2m[at Ee (C:\User
s\HP\Desktop\CastOptAI\
frontend\node_modules\t
ailwindcss\dist\lib.js:
16:37066)][0m
    [2m[at C:\Users\HP
\Desktop\CastOptAI\fron
tend\node_modules\tailw
indcss\dist\lib.js:21:3
55][0m
    [2m[at Pr (C:\User
s\HP\Desktop\CastOptAI\
frontend\node_modules\t
ailwindcss\dist\lib.js:
3:1733)][0m
    [2m[at _ (C:\Users
\HP\Desktop\CastOptAI\f
rontend\node_modules\ta
ilwindcss\dist\lib.js:3
:1377)][0m
    [2m[at Te (C:\User
s\HP\Desktop\CastOptAI\
frontend\node_modules\t
ailwindcss\dist\lib.js:
21:172)][0m
    [2m[at pn (C:\User
s\HP\Desktop\CastOptAI\
frontend\node_modules\t
ailwindcss\dist\lib.js:
38:294)][0m
    [2m[at process.pro
cessTicksAndRejections 
(node:internal/process/
task_queues:105:5)][0m
    [2m[at async dn (C
:\Users\HP\Desktop\Cast
OptAI\frontend\node_mod
ules\tailwindcss\dist\l
ib.js:38:631)][0m
    [2m[at async Xr (C
:\Users\HP\Desktop\Cast
OptAI\frontend\node_mod
ules\@tailwindcss\node\
dist\index.js:10:3417)]
[0m

> Build error occurred
Error: Turbopack build 
failed with 1 errors:
./Desktop/CastOptAI/fro
ntend/src/app/globals.c
ss
Error evaluating 
Node.js code
CssSyntaxError: 
tailwindcss: C:\Users\H
P\Desktop\CastOptAI\fro
ntend\src\app\globals.c
ss:1:1: Cannot apply 
unknown utility class 
`bg-white`. Are you 
using CSS modules or 
similar and missing 
`@reference`? https://t
ailwindcss.com/docs/fun
ctions-and-directives#r
eference-directive
    at Input.error (Des
ktop/CastOptAI/frontend
/node_modules/postcss/l
ib/input.js:135:16) [C:
\Users\HP\Desktop\CastO
ptAI\frontend\.next\bui
ld\chunks\5c2a1_58839d1
a._.js:4651:22]
    at Root.error (Desk
top/CastOptAI/frontend/
node_modules/postcss/li
b/node.js:146:32) [C:\U
sers\HP\Desktop\CastOpt
AI\frontend\.next\build
\chunks\5c2a1_58839d1a.
_.js:928:38]
    [at Object.Once (C:
\Users\HP\Desktop\CastO
ptAI\frontend\node_modu
les\@tailwindcss\postcs
s\dist\index.js:10:6913
)]
    [at process.process
TicksAndRejections (nod
e:internal/process/task
_queues:105:5)]
    at async 
LazyResult.runAsync (De
sktop/CastOptAI/fronten
d/node_modules/postcss/
lib/lazy-result.js:293:
11) [C:\Users\HP\Deskto
p\CastOptAI\frontend\.n
ext\build\chunks\5c2a1_
58839d1a._.js:6206:21]
    at async transform 
(turbopack:///[turbopac
k-node]/transforms/post
css.ts:70:34) [C:\Users
\HP\Desktop\CastOptAI\f
rontend\.next\build\chu
nks\[root-of-the-server
]__faa70af7._.js:146:36
]
    at async run (turbo
pack:///[turbopack-node
]/ipc/evaluate.ts:92:23
) [C:\Users\HP\Desktop\
CastOptAI\frontend\.nex
t\build\chunks\[root-of
-the-server]__7997899d.
_.js:443:31]

Import trace:
  Client Component 
Browser:
    ./Desktop/CastOptAI
/frontend/src/app/globa
ls.css [Client 
Component Browser]
    ./Desktop/CastOptAI
/frontend/src/app/layou
t.tsx [Server 
Component]


    at async transform 
(turbopack:///[turbopac
k-node]/transforms/post
css.ts:70:34) [C:\Users
\HP\Desktop\CastOptAI\f
rontend\.next\build\chu
nks\[root-of-the-server
]__faa70af7._.js:146:36
])
    at async run (turbo
pack:///[turbopack-node
]/ipc/evaluate.ts:92:23
) [C:\Users\HP\Desktop\
CastOptAI\frontend\.nex
t\build\chunks\[root-of
-the-server]__7997899d.
_.js:443:31])
