src/app/esg-reports/page.tsx(43,22): error TS17008: JSX element 'div' has no corresponding closing tag.
src/app/esg-reports/page.tsx(67,33): error TS2657: JSX expressions must have one parent element.
src/app/esg-reports/page.tsx(81,31): error TS1381: Unexpected token. Did you mean `{'}'}` or `&rbrace;`?
src/app/esg-reports/page.tsx(128,21): error TS1005: ')' expected.
